../Core/Src/grow_led.c:13:6:SetPixel_BGR	32	static
../Core/Src/grow_led.c:19:6:init_grow_leds	72	static
../Core/Src/grow_led.c:32:6:update_grow_leds	24	static
../Core/Src/grow_led.c:45:6:set_grow_purple	88	static
../Core/Src/grow_led.c:62:6:flash_error_led	16	static
../Core/Src/grow_led.c:87:6:grow_set_brightness	16	static
../Core/Src/grow_led.c:93:6:grow_dim_to_safe	16	static
../Core/Src/grow_led.c:102:6:grow_full_brightness	8	static
../Core/Src/grow_led.c:109:6:GrowLight_CurrentLimit_Callback	16	static
