../Core/Src/main.c:92:5:main	8	static
../Core/Src/main.c:172:6:SystemClock_Config	96	static
../Core/Src/main.c:216:13:MX_ADC1_Init	48	static
../Core/Src/main.c:283:13:MX_I2C1_Init	8	static
../Core/Src/main.c:331:13:MX_TIM3_Init	64	static
../Core/Src/main.c:390:13:MX_USART1_UART_Init	8	static
../Core/Src/main.c:425:13:MX_USART2_UART_Init	8	static
../Core/Src/main.c:458:13:MX_DMA_Init	16	static
../Core/Src/main.c:476:13:MX_GPIO_Init	48	static
../Core/Src/main.c:517:6:HAL_GPIO_EXTI_Callback	24	static
../Core/Src/main.c:556:6:Error_Handler	4	static,ignoring_inline_asm
