../Core/Src/moisture_sensor.c:11:6:MoistureSensor_Init	8	static
../Core/Src/moisture_sensor.c:16:19:Moisture_Read	72	static
../Core/Src/moisture_sensor.c:50:6:Moisture_Print	192	static
../Core/Src/moisture_sensor.c:68:10:Moisture_GetRawADC	4	static
../Core/Src/moisture_sensor.c:73:10:Moisture_GetAvgADC	4	static
../Core/Src/moisture_sensor.c:78:7:Moisture_GetPercent	4	static
../Core/Src/moisture_sensor.c:83:6:Moisture_IsWet	4	static
../Core/Src/moisture_sensor.c:88:6:Moisture_IsDry	4	static
../Core/Src/moisture_sensor.c:93:13:Moisture_GetStateString	4	static
