../Core/Src/system_state.c:17:6:State_Init	96	static
../Core/Src/system_state.c:38:6:State_Auto	136	static
../Core/Src/system_state.c:69:6:State_Manual	8	static
../Core/Src/system_state.c:75:6:State_UpdateMoisture	264	static
../Core/Src/system_state.c:93:6:State_UpdatePower	368	static
../Core/Src/system_state.c:128:14:State_GetMode	4	static
../Core/Src/system_state.c:133:6:State_SetMode	16	static
../Core/Src/system_state.c:146:13:State_GetSoilState	4	static
../Core/Src/system_state.c:151:13:State_GetFailState	4	static
../Core/Src/system_state.c:158:6:State_StateMachineTick	8	static
