../Core/Src/uart_comms.c:20:13:UART_ClearBuffer	8	static
../Core/Src/uart_comms.c:27:6:UART_Init	8	static
../Core/Src/uart_comms.c:34:6:UART_Send	16	static
../Core/Src/uart_comms.c:40:6:HAL_UART_RxCpltCallback	16	static
../Core/Src/uart_comms.c:58:6:UART_ProcessReceived	136	static
../Core/Src/uart_comms.c:98:6:CMD_PumpOn	8	static
../Core/Src/uart_comms.c:104:6:CMD_PumpOff	8	static
../Core/Src/uart_comms.c:110:6:CMD_PumpRun2s	8	static
../Core/Src/uart_comms.c:117:6:CMD_LED_Purple	8	static
../Core/Src/uart_comms.c:123:6:CMD_LED_Off	16	static
../Core/Src/uart_comms.c:133:6:CMD_LED_FlashRed	8	static
../Core/Src/uart_comms.c:139:6:CMD_LED_Full	8	static
../Core/Src/uart_comms.c:144:6:CMD_LED_Dim	16	static
../Core/Src/uart_comms.c:158:6:CMD_Request_Moisture	184	static
../Core/Src/uart_comms.c:171:6:CMD_Request_Power	176	static
../Core/Src/uart_comms.c:183:6:UART_SendMoisturePercent	88	static
