../Core/Src/grow_led.c:16:6:SetPixel_BGR	32	static
../Core/Src/grow_led.c:24:6:init_grow_leds	72	static
../Core/Src/grow_led.c:39:6:update_grow_leds	24	static
../Core/Src/grow_led.c:54:6:set_grow_purple	88	static
../Core/Src/grow_led.c:71:6:flash_error_led	16	static
../Core/Src/grow_led.c:98:6:grow_set_brightness	16	static
../Core/Src/grow_led.c:106:6:grow_dim_to_safe	16	static
../Core/Src/grow_led.c:117:6:grow_full_brightness	8	static
../Core/Src/grow_led.c:126:6:GrowLight_CurrentLimit_Callback	16	static
