../Core/Src/main.c:93:5:main	8	static
../Core/Src/main.c:193:6:SystemClock_Config	96	static
../Core/Src/main.c:243:13:MX_ADC1_Init	48	static
../Core/Src/main.c:310:13:MX_I2C1_Init	8	static
../Core/Src/main.c:358:13:MX_TIM3_Init	64	static
../Core/Src/main.c:417:13:MX_USART1_UART_Init	8	static
../Core/Src/main.c:452:13:MX_USART2_UART_Init	8	static
../Core/Src/main.c:485:13:MX_DMA_Init	16	static
../Core/Src/main.c:503:13:MX_GPIO_Init	48	static
../Core/Src/main.c:544:6:HAL_GPIO_EXTI_Callback	24	static
../Core/Src/main.c:583:6:Error_Handler	4	static,ignoring_inline_asm
