../Core/Src/moisture_sensor.c:13:6:MoistureSensor_Init	8	static
../Core/Src/moisture_sensor.c:19:19:Moisture_Read	72	static
../Core/Src/moisture_sensor.c:56:6:Moisture_Print	192	static
../Core/Src/moisture_sensor.c:77:10:Moisture_GetRawADC	4	static
../Core/Src/moisture_sensor.c:82:10:Moisture_GetAvgADC	4	static
../Core/Src/moisture_sensor.c:87:7:Moisture_GetPercent	4	static
../Core/Src/moisture_sensor.c:92:6:Moisture_IsWet	4	static
../Core/Src/moisture_sensor.c:97:6:Moisture_IsDry	4	static
../Core/Src/moisture_sensor.c:102:13:Moisture_GetStateString	4	static
