../Core/Src/system_state.c:21:6:State_Init	96	static
../Core/Src/system_state.c:44:6:State_Auto	136	static
../Core/Src/system_state.c:80:6:State_Manual	8	static
../Core/Src/system_state.c:88:6:State_UpdateMoisture	264	static
../Core/Src/system_state.c:108:6:State_UpdatePower	368	static
../Core/Src/system_state.c:145:14:State_GetMode	4	static
../Core/Src/system_state.c:150:6:State_SetMode	16	static
../Core/Src/system_state.c:163:13:State_GetSoilState	4	static
../Core/Src/system_state.c:168:13:State_GetFailState	4	static
../Core/Src/system_state.c:177:6:State_StateMachineTick	8	static
