../Core/Src/uart_comms.c:22:13:UART_ClearBuffer	8	static
../Core/Src/uart_comms.c:31:6:UART_Init	8	static
../Core/Src/uart_comms.c:40:6:UART_Send	16	static
../Core/Src/uart_comms.c:48:6:HAL_UART_RxCpltCallback	16	static
../Core/Src/uart_comms.c:68:6:UART_ProcessReceived	136	static
../Core/Src/uart_comms.c:112:6:CMD_PumpOn	8	static
../Core/Src/uart_comms.c:118:6:CMD_PumpOff	8	static
../Core/Src/uart_comms.c:124:6:CMD_PumpRun2s	8	static
../Core/Src/uart_comms.c:133:6:CMD_LED_Purple	8	static
../Core/Src/uart_comms.c:139:6:CMD_LED_Off	16	static
../Core/Src/uart_comms.c:150:6:CMD_LED_FlashRed	8	static
../Core/Src/uart_comms.c:156:6:CMD_LED_Full	8	static
../Core/Src/uart_comms.c:162:6:CMD_LED_Dim	16	static
../Core/Src/uart_comms.c:180:6:CMD_Request_Moisture	184	static
../Core/Src/uart_comms.c:201:6:CMD_Request_Power	176	static
../Core/Src/uart_comms.c:219:6:UART_SendMoisturePercent	88	static
