../Core/Src/main.c:88:5:main	8	static
../Core/Src/main.c:163:6:SystemClock_Config	96	static
../Core/Src/main.c:213:13:MX_ADC1_Init	48	static
../Core/Src/main.c:280:13:MX_I2C1_Init	8	static
../Core/Src/main.c:328:13:MX_TIM3_Init	64	static
../Core/Src/main.c:387:13:MX_USART1_UART_Init	8	static
../Core/Src/main.c:422:13:MX_USART2_UART_Init	8	static
../Core/Src/main.c:455:13:MX_DMA_Init	16	static
../Core/Src/main.c:473:13:MX_GPIO_Init	48	static
../Core/Src/main.c:514:6:HAL_GPIO_EXTI_Callback	24	static
../Core/Src/main.c:552:6:Error_Handler	4	static,ignoring_inline_asm
