../Core/Src/uart_comms.c:20:13:UART_ClearBuffer	8	static
../Core/Src/uart_comms.c:29:6:UART_Init	8	static
../Core/Src/uart_comms.c:38:6:UART_Send	16	static
../Core/Src/uart_comms.c:46:6:HAL_UART_RxCpltCallback	16	static
../Core/Src/uart_comms.c:66:6:UART_ProcessReceived	8	static
../Core/Src/uart_comms.c:93:6:CMD_PumpOn	8	static
../Core/Src/uart_comms.c:99:6:CMD_PumpOff	8	static
../Core/Src/uart_comms.c:105:6:CMD_PumpRun2s	8	static
../Core/Src/uart_comms.c:114:6:CMD_LED_Purple	8	static
../Core/Src/uart_comms.c:120:6:CMD_LED_Off	16	static
../Core/Src/uart_comms.c:131:6:CMD_LED_FlashRed	8	static
../Core/Src/uart_comms.c:137:6:CMD_LED_Full	8	static
../Core/Src/uart_comms.c:143:6:CMD_LED_Dim	80	static
../Core/Src/uart_comms.c:161:6:CMD_Request_Moisture	192	static
../Core/Src/uart_comms.c:179:6:CMD_Request_Power	192	static
